2026-01-29 22:25:20,070 - INFO - Wyszukiwanie globalne: python developer remote
2026-01-29 22:25:20,401 - INFO - response: https://www.bing.com/search?q=python+developer+remote&filters=ex1%3A%22ez2%22 200
2026-01-29 22:25:21,326 - INFO - response: https://www.bing.com/search?q=python+developer+remote&filters=ex1%3A%22ez2%22 200
2026-01-29 22:25:22,239 - INFO - response: https://www.bing.com/search?q=python+developer+remote&filters=ex1%3A%22ez2%22 200
2026-01-29 22:25:23,143 - INFO - response: https://www.bing.com/search?q=python+developer+remote&filters=ex1%3A%22ez2%22 200
2026-01-29 22:25:24,074 - INFO - response: https://www.bing.com/search?q=python+developer+remote&filters=ex1%3A%22ez2%22 200
2026-01-29 22:25:24,127 - INFO - Wyszukiwanie globalne: web development project
2026-01-29 22:25:24,982 - INFO - response: https://www.bing.com/search?q=web+development+project&filters=ex1%3A%22ez2%22 200
2026-01-29 22:25:25,887 - INFO - response: https://www.bing.com/search?q=web+development+project&filters=ex1%3A%22ez2%22 200
2026-01-29 22:25:26,793 - INFO - response: https://www.bing.com/search?q=web+development+project&filters=ex1%3A%22ez2%22 200
2026-01-29 22:25:27,742 - INFO - response: https://www.bing.com/search?q=web+development+project&filters=ex1%3A%22ez2%22 200
2026-01-29 22:25:28,622 - INFO - response: https://www.bing.com/search?q=web+development+project&filters=ex1%3A%22ez2%22 200
2026-01-29 22:25:28,695 - INFO - Wyszukiwanie globalne: software development freelance
2026-01-29 22:25:29,549 - INFO - response: https://www.bing.com/search?q=software+development+freelance&filters=ex1%3A%22ez2%22 200
2026-01-29 22:25:30,469 - INFO - response: https://www.bing.com/search?q=software+development+freelance&filters=ex1%3A%22ez2%22 200
2026-01-29 22:25:31,388 - INFO - response: https://www.bing.com/search?q=software+development+freelance&filters=ex1%3A%22ez2%22 200
2026-01-29 22:25:32,296 - INFO - response: https://www.bing.com/search?q=software+development+freelance&filters=ex1%3A%22ez2%22 200
2026-01-29 22:25:33,218 - INFO - response: https://www.bing.com/search?q=software+development+freelance&filters=ex1%3A%22ez2%22 200
2026-01-29 22:25:33,272 - INFO - Wyszukiwanie globalne: programista zlecenie
2026-01-29 22:25:34,191 - INFO - response: https://www.bing.com/search?q=programista+zlecenie&filters=ex1%3A%22ez2%22 200
2026-01-29 22:25:35,117 - INFO - response: https://www.bing.com/search?q=programista+zlecenie&filters=ex1%3A%22ez2%22 200
2026-01-29 22:25:35,995 - INFO - response: https://www.bing.com/search?q=programista+zlecenie&filters=ex1%3A%22ez2%22 200
2026-01-29 22:25:36,887 - INFO - response: https://www.bing.com/search?q=programista+zlecenie&filters=ex1%3A%22ez2%22 200
2026-01-29 22:25:37,792 - INFO - response: https://www.bing.com/search?q=programista+zlecenie&filters=ex1%3A%22ez2%22 200
2026-01-29 22:25:37,865 - INFO - Wyszukiwanie globalne: developer needed urgent
2026-01-29 22:25:38,724 - INFO - response: https://www.bing.com/search?q=developer+needed+urgent&filters=ex1%3A%22ez2%22 200
2026-01-29 22:25:39,639 - INFO - response: https://www.bing.com/search?q=developer+needed+urgent&filters=ex1%3A%22ez2%22 200
2026-01-29 22:25:40,555 - INFO - response: https://www.bing.com/search?q=developer+needed+urgent&filters=ex1%3A%22ez2%22 200
2026-01-29 22:25:41,465 - INFO - response: https://www.bing.com/search?q=developer+needed+urgent&filters=ex1%3A%22ez2%22 200
2026-01-29 22:25:42,385 - INFO - response: https://www.bing.com/search?q=developer+needed+urgent&filters=ex1%3A%22ez2%22 200
2026-01-29 22:25:42,441 - INFO - Wyszukiwanie globalne: api development project
2026-01-29 22:25:43,306 - INFO - response: https://www.bing.com/search?q=api+development+project&filters=ex1%3A%22ez2%22 200
2026-01-29 22:25:44,213 - INFO - response: https://www.bing.com/search?q=api+development+project&filters=ex1%3A%22ez2%22 200
2026-01-29 22:25:45,115 - INFO - response: https://www.bing.com/search?q=api+development+project&filters=ex1%3A%22ez2%22 200
2026-01-29 22:25:46,065 - INFO - response: https://www.bing.com/search?q=api+development+project&filters=ex1%3A%22ez2%22 200
2026-01-29 22:25:46,949 - INFO - response: https://www.bing.com/search?q=api+development+project&filters=ex1%3A%22ez2%22 200
2026-01-29 22:25:47,018 - INFO - Wyszukiwanie globalne: fullstack developer contract
2026-01-29 22:25:47,877 - INFO - response: https://www.bing.com/search?q=fullstack+developer+contract&filters=ex1%3A%22ez2%22 200
2026-01-29 22:25:48,787 - INFO - response: https://www.bing.com/search?q=fullstack+developer+contract&filters=ex1%3A%22ez2%22 200
2026-01-29 22:25:49,699 - INFO - response: https://www.bing.com/search?q=fullstack+developer+contract&filters=ex1%3A%22ez2%22 200
2026-01-29 22:25:50,610 - INFO - response: https://www.bing.com/search?q=fullstack+developer+contract&filters=ex1%3A%22ez2%22 200
2026-01-29 22:25:51,538 - INFO - response: https://www.bing.com/search?q=fullstack+developer+contract&filters=ex1%3A%22ez2%22 200
2026-01-29 22:25:51,590 - INFO - Wyszukiwanie globalne: javascript react project
2026-01-29 22:25:52,437 - INFO - response: https://www.bing.com/search?q=javascript+react+project&filters=ex1%3A%22ez2%22 200
2026-01-29 22:25:53,355 - INFO - response: https://www.bing.com/search?q=javascript+react+project&filters=ex1%3A%22ez2%22 200
2026-01-29 22:25:54,281 - INFO - response: https://www.bing.com/search?q=javascript+react+project&filters=ex1%3A%22ez2%22 200
2026-01-29 22:25:55,184 - INFO - response: https://www.bing.com/search?q=javascript+react+project&filters=ex1%3A%22ez2%22 200
2026-01-29 22:25:56,120 - INFO - response: https://www.bing.com/search?q=javascript+react+project&filters=ex1%3A%22ez2%22 200
2026-01-29 22:27:03,075 - INFO - 🌟 Inicjalizacja Polish Gig Hunter 2.0...
2026-01-29 22:27:03,183 - INFO - 🚀 Uruchamianie Polish Gig Hunter 2.0...
2026-01-29 22:27:03,183 - INFO - Wyszukiwanie globalne: python developer remote
2026-01-29 22:27:03,433 - INFO - response: https://www.bing.com/search?q=python+developer+remote&filters=ex1%3A%22ez2%22 200
2026-01-29 22:27:04,336 - INFO - response: https://www.bing.com/search?q=python+developer+remote&filters=ex1%3A%22ez2%22 200
2026-01-29 22:27:05,239 - INFO - response: https://www.bing.com/search?q=python+developer+remote&filters=ex1%3A%22ez2%22 200
2026-01-29 22:27:06,152 - INFO - response: https://www.bing.com/search?q=python+developer+remote&filters=ex1%3A%22ez2%22 200
2026-01-29 22:27:07,090 - INFO - response: https://www.bing.com/search?q=python+developer+remote&filters=ex1%3A%22ez2%22 200
2026-01-29 22:27:07,166 - INFO - Wyszukiwanie globalne: web development project
2026-01-29 22:27:08,043 - INFO - response: https://www.bing.com/search?q=web+development+project&filters=ex1%3A%22ez2%22 200
2026-01-29 22:27:09,007 - INFO - response: https://www.bing.com/search?q=web+development+project&filters=ex1%3A%22ez2%22 200
2026-01-29 22:27:09,972 - INFO - response: https://www.bing.com/search?q=web+development+project&filters=ex1%3A%22ez2%22 200
2026-01-29 22:27:10,913 - INFO - response: https://www.bing.com/search?q=web+development+project&filters=ex1%3A%22ez2%22 200
2026-01-29 22:27:11,840 - INFO - response: https://www.bing.com/search?q=web+development+project&filters=ex1%3A%22ez2%22 200
2026-01-29 22:27:11,886 - INFO - Wyszukiwanie globalne: software development freelance
2026-01-29 22:27:12,766 - INFO - response: https://www.bing.com/search?q=software+development+freelance&filters=ex1%3A%22ez2%22 200
2026-01-29 22:27:13,725 - INFO - response: https://www.bing.com/search?q=software+development+freelance&filters=ex1%3A%22ez2%22 200
2026-01-29 22:27:14,672 - INFO - response: https://www.bing.com/search?q=software+development+freelance&filters=ex1%3A%22ez2%22 200
2026-01-29 22:27:15,609 - INFO - response: https://www.bing.com/search?q=software+development+freelance&filters=ex1%3A%22ez2%22 200
2026-01-29 22:27:16,551 - INFO - response: https://www.bing.com/search?q=software+development+freelance&filters=ex1%3A%22ez2%22 200
2026-01-29 22:27:16,632 - INFO - Wyszukiwanie globalne: programista zlecenie
2026-01-29 22:27:17,503 - INFO - response: https://www.bing.com/search?q=programista+zlecenie&filters=ex1%3A%22ez2%22 200
2026-01-29 22:27:18,589 - INFO - response: https://www.bing.com/search?q=programista+zlecenie&filters=ex1%3A%22ez2%22 200
2026-01-29 22:27:19,527 - INFO - response: https://www.bing.com/search?q=programista+zlecenie&filters=ex1%3A%22ez2%22 200
2026-01-29 22:27:20,483 - INFO - response: https://www.bing.com/search?q=programista+zlecenie&filters=ex1%3A%22ez2%22 200
2026-01-29 22:27:21,463 - INFO - response: https://www.bing.com/search?q=programista+zlecenie&filters=ex1%3A%22ez2%22 200
2026-01-29 22:27:21,503 - INFO - Wyszukiwanie globalne: developer needed urgent
2026-01-29 22:27:22,432 - INFO - response: https://www.bing.com/search?q=developer+needed+urgent&filters=ex1%3A%22ez2%22 200
2026-01-29 22:27:23,381 - INFO - response: https://www.bing.com/search?q=developer+needed+urgent&filters=ex1%3A%22ez2%22 200
2026-01-29 22:27:24,358 - INFO - response: https://www.bing.com/search?q=developer+needed+urgent&filters=ex1%3A%22ez2%22 200
2026-01-29 22:27:25,399 - INFO - response: https://www.bing.com/search?q=developer+needed+urgent&filters=ex1%3A%22ez2%22 200
2026-01-29 22:27:26,381 - INFO - response: https://www.bing.com/search?q=developer+needed+urgent&filters=ex1%3A%22ez2%22 200
2026-01-29 22:27:26,430 - INFO - Wyszukiwanie globalne: api development project
2026-01-29 22:27:27,376 - INFO - response: https://www.bing.com/search?q=api+development+project&filters=ex1%3A%22ez2%22 200
2026-01-29 22:27:28,315 - INFO - response: https://www.bing.com/search?q=api+development+project&filters=ex1%3A%22ez2%22 200
2026-01-29 22:27:29,271 - INFO - response: https://www.bing.com/search?q=api+development+project&filters=ex1%3A%22ez2%22 200
2026-01-29 22:27:30,198 - INFO - response: https://www.bing.com/search?q=api+development+project&filters=ex1%3A%22ez2%22 200
2026-01-29 22:27:31,158 - INFO - response: https://www.bing.com/search?q=api+development+project&filters=ex1%3A%22ez2%22 200
2026-01-29 22:27:31,220 - INFO - Wyszukiwanie globalne: fullstack developer contract
2026-01-29 22:27:32,098 - INFO - response: https://www.bing.com/search?q=fullstack+developer+contract&filters=ex1%3A%22ez2%22 200
2026-01-29 22:27:33,179 - INFO - response: https://www.bing.com/search?q=fullstack+developer+contract&filters=ex1%3A%22ez2%22 200
2026-01-29 22:27:34,141 - INFO - response: https://www.bing.com/search?q=fullstack+developer+contract&filters=ex1%3A%22ez2%22 200
2026-01-29 22:27:35,077 - INFO - response: https://www.bing.com/search?q=fullstack+developer+contract&filters=ex1%3A%22ez2%22 200
2026-01-29 22:27:36,042 - INFO - response: https://www.bing.com/search?q=fullstack+developer+contract&filters=ex1%3A%22ez2%22 200
2026-01-29 22:27:36,117 - INFO - Wyszukiwanie globalne: javascript react project
2026-01-29 22:27:37,011 - INFO - response: https://www.bing.com/search?q=javascript+react+project&filters=ex1%3A%22ez2%22 200
2026-01-29 22:27:37,949 - INFO - response: https://www.bing.com/search?q=javascript+react+project&filters=ex1%3A%22ez2%22 200
2026-01-29 22:27:38,901 - INFO - response: https://www.bing.com/search?q=javascript+react+project&filters=ex1%3A%22ez2%22 200
2026-01-29 22:27:39,868 - INFO - response: https://www.bing.com/search?q=javascript+react+project&filters=ex1%3A%22ez2%22 200
2026-01-29 22:27:40,781 - INFO - response: https://www.bing.com/search?q=javascript+react+project&filters=ex1%3A%22ez2%22 200
2026-01-29 22:27:40,842 - INFO - 🔍 Znaleziono 400 zleceń globalnie
2026-01-29 22:27:43,680 - INFO - 🧠 AI wybrało 0 zleceń
2026-01-29 22:27:43,681 - INFO - 🤖 Złożono 0 auto-aplikacji
2026-01-29 22:27:43,681 - INFO - 🔐 Blockchain integrity: ❌
2026-01-29 22:27:45,131 - INFO - ✅ Raport wysłany e-mailem
2026-01-29 22:27:45,133 - INFO - 🎉 Polish Gig Hunter 2.0 zakończył cykl sukcesem!
2026-01-29 22:30:48,214 - INFO - 🌟 Inicjalizacja Polish Gig Hunter 2.0...
2026-01-29 22:30:48,274 - INFO - 🚀 Uruchamianie Polish Gig Hunter 2.0...
2026-01-29 22:30:48,275 - INFO - Wyszukiwanie globalne: python developer remote
2026-01-29 22:30:48,549 - INFO - response: https://www.bing.com/search?q=python+developer+remote&filters=ex1%3A%22ez2%22 200
2026-01-29 22:30:49,492 - INFO - response: https://www.bing.com/search?q=python+developer+remote&filters=ex1%3A%22ez2%22&first=11&FORM=PERE 200
2026-01-29 22:30:50,494 - INFO - response: https://www.bing.com/search?q=python+developer+remote&filters=ex1%3A%22ez2%22&first=21&FORM=PERE1 200
2026-01-29 22:30:51,416 - INFO - response: https://www.bing.com/search?q=python+developer+remote&filters=ex1%3A%22ez2%22&first=31&FORM=PERE2 200
2026-01-29 22:30:52,788 - INFO - response: https://www.bing.com/search?q=python+developer+remote&filters=ex1%3A%22ez2%22&first=41&FORM=PERE3 200
2026-01-29 22:30:53,736 - INFO - response: https://www.bing.com/search?q=python+developer+remote&filters=ex1%3A%22ez2%22 200
2026-01-29 22:30:54,708 - INFO - response: https://www.bing.com/search?q=python+developer+remote&filters=ex1%3A%22ez2%22 200
2026-01-29 22:30:55,644 - INFO - response: https://www.bing.com/search?q=python+developer+remote&filters=ex1%3A%22ez2%22&first=11&FORM=PERE 200
2026-01-29 22:30:56,608 - INFO - response: https://www.bing.com/search?q=python+developer+remote&filters=ex1%3A%22ez2%22&first=21&FORM=PERE1 200
2026-01-29 22:30:57,574 - INFO - response: https://www.bing.com/search?q=python+developer+remote&filters=ex1%3A%22ez2%22&first=31&FORM=PERE2 200
2026-01-29 22:30:58,544 - INFO - response: https://www.bing.com/search?q=python+developer+remote&filters=ex1%3A%22ez2%22&first=41&FORM=PERE3 200
2026-01-29 22:30:59,513 - INFO - response: https://www.bing.com/search?q=python+developer+remote&filters=ex1%3A%22ez2%22 200
2026-01-29 22:31:00,500 - INFO - response: https://www.bing.com/search?q=python+developer+remote&filters=ex1%3A%22ez2%22&first=11&FORM=PERE 200
2026-01-29 22:31:01,498 - INFO - response: https://www.bing.com/search?q=python+developer+remote&filters=ex1%3A%22ez2%22&first=21&FORM=PERE1 200
2026-01-29 22:31:02,479 - INFO - response: https://www.bing.com/search?q=python+developer+remote&filters=ex1%3A%22ez2%22&first=31&FORM=PERE2 200
2026-01-29 22:31:03,450 - INFO - response: https://www.bing.com/search?q=python+developer+remote&filters=ex1%3A%22ez2%22&first=41&FORM=PERE3 200
2026-01-29 22:31:04,440 - INFO - response: https://www.bing.com/search?q=python+developer+remote&filters=ex1%3A%22ez2%22 200
2026-01-29 22:31:05,364 - INFO - response: https://www.bing.com/search?q=python+developer+remote&filters=ex1%3A%22ez2%22&first=11&FORM=PERE 200
2026-01-29 22:31:06,318 - INFO - response: https://www.bing.com/search?q=python+developer+remote&filters=ex1%3A%22ez2%22&first=21&FORM=PERE1 200
2026-01-29 22:31:07,300 - INFO - response: https://www.bing.com/search?q=python+developer+remote&filters=ex1%3A%22ez2%22&first=31&FORM=PERE2 200
2026-01-29 22:31:08,250 - INFO - response: https://www.bing.com/search?q=python+developer+remote&filters=ex1%3A%22ez2%22&first=41&FORM=PERE3 200
2026-01-29 22:31:08,332 - INFO - Wyszukiwanie globalne: web development project
2026-01-29 22:31:09,218 - INFO - response: https://www.bing.com/search?q=web+development+project&filters=ex1%3A%22ez2%22 200
2026-01-29 22:31:10,178 - INFO - response: https://www.bing.com/search?q=web+development+project&filters=ex1%3A%22ez2%22&first=11&FORM=PERE 200
2026-01-29 22:31:11,165 - INFO - response: https://www.bing.com/search?q=web+development+project&filters=ex1%3A%22ez2%22&first=21&FORM=PERE1 200
2026-01-29 22:31:12,156 - INFO - response: https://www.bing.com/search?q=web+development+project&filters=ex1%3A%22ez2%22&first=31&FORM=PERE2 200
2026-01-29 22:31:13,126 - INFO - response: https://www.bing.com/search?q=web+development+project&filters=ex1%3A%22ez2%22&first=41&FORM=PERE3 200
2026-01-29 22:31:14,113 - INFO - response: https://www.bing.com/search?q=web+development+project&filters=ex1%3A%22ez2%22 200
2026-01-29 22:31:15,106 - INFO - response: https://www.bing.com/search?q=web+development+project&filters=ex1%3A%22ez2%22 200
2026-01-29 22:31:16,036 - INFO - response: https://www.bing.com/search?q=web+development+project&filters=ex1%3A%22ez2%22&first=11&FORM=PERE 200
2026-01-29 22:31:17,004 - INFO - response: https://www.bing.com/search?q=web+development+project&filters=ex1%3A%22ez2%22&first=21&FORM=PERE1 200
2026-01-29 22:31:17,973 - INFO - response: https://www.bing.com/search?q=web+development+project&filters=ex1%3A%22ez2%22&first=31&FORM=PERE2 200
2026-01-29 22:31:18,922 - INFO - response: https://www.bing.com/search?q=web+development+project&filters=ex1%3A%22ez2%22&first=41&FORM=PERE3 200
2026-01-29 22:31:19,860 - INFO - response: https://www.bing.com/search?q=web+development+project&filters=ex1%3A%22ez2%22 200
2026-01-29 22:31:20,794 - INFO - response: https://www.bing.com/search?q=web+development+project&filters=ex1%3A%22ez2%22&first=11&FORM=PERE 200
2026-01-29 22:31:21,811 - INFO - response: https://www.bing.com/search?q=web+development+project&filters=ex1%3A%22ez2%22&first=21&FORM=PERE1 200
2026-01-29 22:31:22,773 - INFO - response: https://www.bing.com/search?q=web+development+project&filters=ex1%3A%22ez2%22&first=31&FORM=PERE2 200
2026-01-29 22:31:23,787 - INFO - response: https://www.bing.com/search?q=web+development+project&filters=ex1%3A%22ez2%22&first=41&FORM=PERE3 200
2026-01-29 22:31:24,748 - INFO - response: https://www.bing.com/search?q=web+development+project&filters=ex1%3A%22ez2%22 200
2026-01-29 22:31:25,681 - INFO - response: https://www.bing.com/search?q=web+development+project&filters=ex1%3A%22ez2%22&first=11&FORM=PERE 200
2026-01-29 22:31:26,630 - INFO - response: https://www.bing.com/search?q=web+development+project&filters=ex1%3A%22ez2%22&first=21&FORM=PERE1 200
2026-01-29 22:31:27,601 - INFO - response: https://www.bing.com/search?q=web+development+project&filters=ex1%3A%22ez2%22&first=31&FORM=PERE2 200
2026-01-29 22:31:28,558 - INFO - response: https://www.bing.com/search?q=web+development+project&filters=ex1%3A%22ez2%22&first=41&FORM=PERE3 200
2026-01-29 22:31:28,661 - INFO - Wyszukiwanie globalne: software development freelance
2026-01-29 22:31:29,536 - INFO - response: https://www.bing.com/search?q=software+development+freelance&filters=ex1%3A%22ez2%22 200
2026-01-29 22:31:31,183 - INFO - response: https://www.bing.com/search?q=software+development+freelance&filters=ex1%3A%22ez2%22&first=11&FORM=PERE 200
2026-01-29 22:31:32,702 - INFO - response: https://www.bing.com/search?q=software+development+freelance&filters=ex1%3A%22ez2%22&first=21&FORM=PERE1 200
2026-01-29 22:31:34,564 - INFO - response: https://www.bing.com/search?q=software+development+freelance&filters=ex1%3A%22ez2%22&first=31&FORM=PERE2 200
2026-01-29 22:31:35,784 - INFO - response: https://www.bing.com/search?q=software+development+freelance&filters=ex1%3A%22ez2%22&first=41&FORM=PERE3 200
2026-01-29 22:31:38,068 - INFO - response: https://www.bing.com/search?q=software+development+freelance&filters=ex1%3A%22ez2%22 200
2026-01-29 22:31:39,399 - INFO - response: https://www.bing.com/search?q=software+development+freelance&filters=ex1%3A%22ez2%22 200
2026-01-29 22:31:40,393 - INFO - response: https://www.bing.com/search?q=software+development+freelance&filters=ex1%3A%22ez2%22&first=11&FORM=PERE 200
2026-01-29 22:31:41,370 - INFO - response: https://www.bing.com/search?q=software+development+freelance&filters=ex1%3A%22ez2%22&first=21&FORM=PERE1 200
2026-01-29 22:31:42,411 - INFO - response: https://www.bing.com/search?q=software+development+freelance&filters=ex1%3A%22ez2%22&first=31&FORM=PERE2 200
2026-01-29 22:31:43,418 - INFO - response: https://www.bing.com/search?q=software+development+freelance&filters=ex1%3A%22ez2%22&first=41&FORM=PERE3 200
2026-01-29 22:31:44,409 - INFO - response: https://www.bing.com/search?q=software+development+freelance&filters=ex1%3A%22ez2%22 200
2026-01-29 22:31:45,346 - INFO - response: https://www.bing.com/search?q=software+development+freelance&filters=ex1%3A%22ez2%22&first=11&FORM=PERE 200
2026-01-29 22:31:46,394 - INFO - response: https://www.bing.com/search?q=software+development+freelance&filters=ex1%3A%22ez2%22 200
2026-01-29 22:31:47,339 - INFO - response: https://www.bing.com/search?q=software+development+freelance&filters=ex1%3A%22ez2%22&first=11&FORM=PERE 200
2026-01-29 22:31:48,302 - INFO - response: https://www.bing.com/search?q=software+development+freelance&filters=ex1%3A%22ez2%22&first=21&FORM=PERE1 200
2026-01-29 22:31:49,256 - INFO - response: https://www.bing.com/search?q=software+development+freelance&filters=ex1%3A%22ez2%22&first=31&FORM=PERE2 200
2026-01-29 22:31:50,212 - INFO - response: https://www.bing.com/search?q=software+development+freelance&filters=ex1%3A%22ez2%22&first=41&FORM=PERE3 200
2026-01-29 22:31:50,290 - INFO - Wyszukiwanie globalne: programista zlecenie
2026-01-29 22:31:51,160 - INFO - response: https://www.bing.com/search?q=programista+zlecenie&filters=ex1%3A%22ez2%22 200
2026-01-29 22:31:52,116 - INFO - response: https://www.bing.com/search?q=programista+zlecenie&filters=ex1%3A%22ez2%22&first=11&FORM=PERE 200
2026-01-29 22:31:53,174 - INFO - response: https://www.bing.com/search?q=programista+zlecenie&filters=ex1%3A%22ez2%22&first=21&FORM=PERE1 200
2026-01-29 22:31:54,124 - INFO - response: https://www.bing.com/search?q=programista+zlecenie&filters=ex1%3A%22ez2%22&first=31&FORM=PERE2 200
2026-01-29 22:31:55,068 - INFO - response: https://www.bing.com/search?q=programista+zlecenie&filters=ex1%3A%22ez2%22&first=41&FORM=PERE3 200
2026-01-29 22:31:56,152 - INFO - response: https://www.bing.com/search?q=programista+zlecenie&filters=ex1%3A%22ez2%22 200
2026-01-29 22:31:57,492 - INFO - response: https://www.bing.com/search?q=programista+zlecenie&filters=ex1%3A%22ez2%22 200
2026-01-29 22:31:58,455 - INFO - response: https://www.bing.com/search?q=programista+zlecenie&filters=ex1%3A%22ez2%22&first=11&FORM=PERE 200
2026-01-29 22:31:59,435 - INFO - response: https://www.bing.com/search?q=programista+zlecenie&filters=ex1%3A%22ez2%22 200
2026-01-29 22:32:00,477 - INFO - response: https://www.bing.com/search?q=programista+zlecenie&filters=ex1%3A%22ez2%22&first=11&FORM=PERE 200
2026-01-29 22:32:01,418 - INFO - response: https://www.bing.com/search?q=programista+zlecenie&filters=ex1%3A%22ez2%22 200
2026-01-29 22:32:02,391 - INFO - response: https://www.bing.com/search?q=programista+zlecenie&filters=ex1%3A%22ez2%22&first=11&FORM=PERE 200
2026-01-29 22:32:03,352 - INFO - response: https://www.bing.com/search?q=programista+zlecenie&filters=ex1%3A%22ez2%22&first=21&FORM=PERE1 200
2026-01-29 22:32:04,322 - INFO - response: https://www.bing.com/search?q=programista+zlecenie&filters=ex1%3A%22ez2%22&first=31&FORM=PERE2 200
2026-01-29 22:32:05,277 - INFO - response: https://www.bing.com/search?q=programista+zlecenie&filters=ex1%3A%22ez2%22&first=41&FORM=PERE3 200
2026-01-29 22:32:05,352 - INFO - Wyszukiwanie globalne: developer needed urgent
2026-01-29 22:32:06,249 - INFO - response: https://www.bing.com/search?q=developer+needed+urgent&filters=ex1%3A%22ez2%22 200
2026-01-29 22:32:07,233 - INFO - response: https://www.bing.com/search?q=developer+needed+urgent&filters=ex1%3A%22ez2%22&first=11&FORM=PERE 200
2026-01-29 22:32:08,221 - INFO - response: https://www.bing.com/search?q=developer+needed+urgent&filters=ex1%3A%22ez2%22&first=21&FORM=PERE1 200
2026-01-29 22:32:09,182 - INFO - response: https://www.bing.com/search?q=developer+needed+urgent&filters=ex1%3A%22ez2%22&first=31&FORM=PERE2 200
2026-01-29 22:32:10,142 - INFO - response: https://www.bing.com/search?q=developer+needed+urgent&filters=ex1%3A%22ez2%22&first=41&FORM=PERE3 200
2026-01-29 22:32:11,120 - INFO - response: https://www.bing.com/search?q=developer+needed+urgent&filters=ex1%3A%22ez2%22 200
2026-01-29 22:32:12,143 - INFO - response: https://www.bing.com/search?q=developer+needed+urgent&filters=ex1%3A%22ez2%22 200
2026-01-29 22:32:13,149 - INFO - response: https://www.bing.com/search?q=developer+needed+urgent&filters=ex1%3A%22ez2%22&first=11&FORM=PERE 200
2026-01-29 22:32:14,299 - INFO - response: https://www.bing.com/search?q=developer+needed+urgent&filters=ex1%3A%22ez2%22&first=21&FORM=PERE1 200
2026-01-29 22:32:15,345 - INFO - response: https://www.bing.com/search?q=developer+needed+urgent&filters=ex1%3A%22ez2%22&first=31&FORM=PERE2 200
2026-01-29 22:32:16,372 - INFO - response: https://www.bing.com/search?q=developer+needed+urgent&filters=ex1%3A%22ez2%22&first=41&FORM=PERE3 200
2026-01-29 22:32:17,376 - INFO - response: https://www.bing.com/search?q=developer+needed+urgent&filters=ex1%3A%22ez2%22 200
2026-01-29 22:32:18,356 - INFO - response: https://www.bing.com/search?q=developer+needed+urgent&filters=ex1%3A%22ez2%22&first=11&FORM=PERE 200
2026-01-29 22:32:19,425 - INFO - response: https://www.bing.com/search?q=developer+needed+urgent&filters=ex1%3A%22ez2%22&first=21&FORM=PERE1 200
2026-01-29 22:32:20,379 - INFO - response: https://www.bing.com/search?q=developer+needed+urgent&filters=ex1%3A%22ez2%22&first=31&FORM=PERE2 200
2026-01-29 22:32:21,440 - INFO - response: https://www.bing.com/search?q=developer+needed+urgent&filters=ex1%3A%22ez2%22&first=41&FORM=PERE3 200
2026-01-29 22:32:22,465 - INFO - response: https://www.bing.com/search?q=developer+needed+urgent&filters=ex1%3A%22ez2%22 200
2026-01-29 22:32:23,498 - INFO - response: https://www.bing.com/search?q=developer+needed+urgent&filters=ex1%3A%22ez2%22&first=11&FORM=PERE 200
2026-01-29 22:32:24,544 - INFO - response: https://www.bing.com/search?q=developer+needed+urgent&filters=ex1%3A%22ez2%22&first=21&FORM=PERE1 200
2026-01-29 22:32:25,500 - INFO - response: https://www.bing.com/search?q=developer+needed+urgent&filters=ex1%3A%22ez2%22&first=31&FORM=PERE2 200
2026-01-29 22:32:26,582 - INFO - response: https://www.bing.com/search?q=developer+needed+urgent&filters=ex1%3A%22ez2%22&first=41&FORM=PERE3 200
2026-01-29 22:32:26,642 - INFO - Wyszukiwanie globalne: api development project
2026-01-29 22:32:27,506 - INFO - response: https://www.bing.com/search?q=api+development+project&filters=ex1%3A%22ez2%22 200
2026-01-29 22:32:28,517 - INFO - response: https://www.bing.com/search?q=api+development+project&filters=ex1%3A%22ez2%22&first=11&FORM=PERE 200
2026-01-29 22:32:29,514 - INFO - response: https://www.bing.com/search?q=api+development+project&filters=ex1%3A%22ez2%22 200
2026-01-29 22:32:30,423 - INFO - response: https://www.bing.com/search?q=api+development+project&filters=ex1%3A%22ez2%22 200
2026-01-29 22:32:31,383 - INFO - response: https://www.bing.com/search?q=api+development+project&filters=ex1%3A%22ez2%22&first=11&FORM=PERE 200
2026-01-29 22:32:32,301 - INFO - response: https://www.bing.com/search?q=api+development+project&filters=ex1%3A%22ez2%22&first=21&FORM=PERE1 200
2026-01-29 22:32:33,244 - INFO - response: https://www.bing.com/search?q=api+development+project&filters=ex1%3A%22ez2%22&first=31&FORM=PERE2 200
2026-01-29 22:32:34,202 - INFO - response: https://www.bing.com/search?q=api+development+project&filters=ex1%3A%22ez2%22&first=41&FORM=PERE3 200
2026-01-29 22:32:35,190 - INFO - response: https://www.bing.com/search?q=api+development+project&filters=ex1%3A%22ez2%22 200
2026-01-29 22:32:36,134 - INFO - response: https://www.bing.com/search?q=api+development+project&filters=ex1%3A%22ez2%22&first=11&FORM=PERE 200
2026-01-29 22:32:37,104 - INFO - response: https://www.bing.com/search?q=api+development+project&filters=ex1%3A%22ez2%22&first=21&FORM=PERE1 200
2026-01-29 22:32:38,059 - INFO - response: https://www.bing.com/search?q=api+development+project&filters=ex1%3A%22ez2%22&first=31&FORM=PERE2 200
2026-01-29 22:32:39,047 - INFO - response: https://www.bing.com/search?q=api+development+project&filters=ex1%3A%22ez2%22&first=41&FORM=PERE3 200
2026-01-29 22:32:40,038 - INFO - response: https://www.bing.com/search?q=api+development+project&filters=ex1%3A%22ez2%22 200
2026-01-29 22:32:41,011 - INFO - response: https://www.bing.com/search?q=api+development+project&filters=ex1%3A%22ez2%22&first=11&FORM=PERE 200
2026-01-29 22:32:41,957 - INFO - response: https://www.bing.com/search?q=api+development+project&filters=ex1%3A%22ez2%22&first=21&FORM=PERE1 200
2026-01-29 22:32:42,929 - INFO - response: https://www.bing.com/search?q=api+development+project&filters=ex1%3A%22ez2%22&first=31&FORM=PERE2 200
2026-01-29 22:32:43,906 - INFO - response: https://www.bing.com/search?q=api+development+project&filters=ex1%3A%22ez2%22&first=41&FORM=PERE3 200
2026-01-29 22:32:44,002 - INFO - Wyszukiwanie globalne: fullstack developer contract
2026-01-29 22:32:44,911 - INFO - response: https://www.bing.com/search?q=fullstack+developer+contract&filters=ex1%3A%22ez2%22 200
2026-01-29 22:32:45,945 - INFO - response: https://www.bing.com/search?q=fullstack+developer+contract&filters=ex1%3A%22ez2%22&first=11&FORM=PERE 200
2026-01-29 22:32:46,943 - INFO - response: https://www.bing.com/search?q=fullstack+developer+contract&filters=ex1%3A%22ez2%22&first=21&FORM=PERE1 200
2026-01-29 22:32:47,942 - INFO - response: https://www.bing.com/search?q=fullstack+developer+contract&filters=ex1%3A%22ez2%22&first=31&FORM=PERE2 200
2026-01-29 22:32:48,939 - INFO - response: https://www.bing.com/search?q=fullstack+developer+contract&filters=ex1%3A%22ez2%22&first=41&FORM=PERE3 200
2026-01-29 22:32:50,399 - INFO - response: https://www.bing.com/search?q=fullstack+developer+contract&filters=ex1%3A%22ez2%22 200
2026-01-29 22:32:51,437 - INFO - response: https://www.bing.com/search?q=fullstack+developer+contract&filters=ex1%3A%22ez2%22 200
2026-01-29 22:32:52,522 - INFO - response: https://www.bing.com/search?q=fullstack+developer+contract&filters=ex1%3A%22ez2%22&first=11&FORM=PERE 200
2026-01-29 22:32:53,577 - INFO - response: https://www.bing.com/search?q=fullstack+developer+contract&filters=ex1%3A%22ez2%22&first=21&FORM=PERE1 200
2026-01-29 22:32:54,620 - INFO - response: https://www.bing.com/search?q=fullstack+developer+contract&filters=ex1%3A%22ez2%22&first=31&FORM=PERE2 200
2026-01-29 22:32:55,621 - INFO - response: https://www.bing.com/search?q=fullstack+developer+contract&filters=ex1%3A%22ez2%22&first=41&FORM=PERE3 200
2026-01-29 22:32:56,748 - INFO - response: https://www.bing.com/search?q=fullstack+developer+contract&filters=ex1%3A%22ez2%22 200
2026-01-29 22:32:57,739 - INFO - response: https://www.bing.com/search?q=fullstack+developer+contract&filters=ex1%3A%22ez2%22&first=11&FORM=PERE 200
2026-01-29 22:32:58,818 - INFO - response: https://www.bing.com/search?q=fullstack+developer+contract&filters=ex1%3A%22ez2%22&first=21&FORM=PERE1 200
2026-01-29 22:32:59,838 - INFO - response: https://www.bing.com/search?q=fullstack+developer+contract&filters=ex1%3A%22ez2%22&first=31&FORM=PERE2 200
2026-01-29 22:33:00,853 - INFO - response: https://www.bing.com/search?q=fullstack+developer+contract&filters=ex1%3A%22ez2%22&first=41&FORM=PERE3 200
2026-01-29 22:33:02,120 - INFO - response: https://www.bing.com/search?q=fullstack+developer+contract&filters=ex1%3A%22ez2%22 200
2026-01-29 22:33:03,223 - INFO - response: https://www.bing.com/search?q=fullstack+developer+contract&filters=ex1%3A%22ez2%22&first=11&FORM=PERE 200
2026-01-29 22:33:03,304 - INFO - Wyszukiwanie globalne: javascript react project
2026-01-29 22:33:04,577 - INFO - response: https://www.bing.com/search?q=javascript+react+project&filters=ex1%3A%22ez2%22 200
2026-01-29 22:33:05,659 - INFO - response: https://www.bing.com/search?q=javascript+react+project&filters=ex1%3A%22ez2%22&first=11&FORM=PERE 200
2026-01-29 22:33:06,785 - INFO - response: https://www.bing.com/search?q=javascript+react+project&filters=ex1%3A%22ez2%22&first=21&FORM=PERE1 200
2026-01-29 22:33:07,901 - INFO - response: https://www.bing.com/search?q=javascript+react+project&filters=ex1%3A%22ez2%22 200
2026-01-29 22:33:08,865 - INFO - response: https://www.bing.com/search?q=javascript+react+project&filters=ex1%3A%22ez2%22 200
2026-01-29 22:33:09,931 - INFO - response: https://www.bing.com/search?q=javascript+react+project&filters=ex1%3A%22ez2%22&first=11&FORM=PERE 200
2026-01-29 22:33:10,931 - INFO - response: https://www.bing.com/search?q=javascript+react+project&filters=ex1%3A%22ez2%22&first=21&FORM=PERE1 200
2026-01-29 22:33:11,960 - INFO - response: https://www.bing.com/search?q=javascript+react+project&filters=ex1%3A%22ez2%22&first=31&FORM=PERE2 200
2026-01-29 22:33:12,984 - INFO - response: https://www.bing.com/search?q=javascript+react+project&filters=ex1%3A%22ez2%22&first=41&FORM=PERE3 200
2026-01-29 22:33:14,655 - INFO - response: https://www.bing.com/search?q=javascript+react+project&filters=ex1%3A%22ez2%22 200
2026-01-29 22:33:15,779 - INFO - response: https://www.bing.com/search?q=javascript+react+project&filters=ex1%3A%22ez2%22&first=11&FORM=PERE 200
2026-01-29 22:33:16,782 - INFO - response: https://www.bing.com/search?q=javascript+react+project&filters=ex1%3A%22ez2%22 200
2026-01-29 22:33:17,859 - INFO - response: https://www.bing.com/search?q=javascript+react+project&filters=ex1%3A%22ez2%22&first=11&FORM=PERE 200
2026-01-29 22:33:18,820 - INFO - response: https://www.bing.com/search?q=javascript+react+project&filters=ex1%3A%22ez2%22&first=21&FORM=PERE1 200
2026-01-29 22:33:19,818 - INFO - response: https://www.bing.com/search?q=javascript+react+project&filters=ex1%3A%22ez2%22&first=31&FORM=PERE2 200
2026-01-29 22:33:20,880 - INFO - response: https://www.bing.com/search?q=javascript+react+project&filters=ex1%3A%22ez2%22&first=41&FORM=PERE3 200
2026-01-29 22:33:20,974 - INFO - 🔍 Znaleziono 195 zleceń globalnie
2026-01-29 22:33:22,240 - INFO - 🧠 AI wybrało 0 zleceń
2026-01-29 22:33:22,241 - INFO - 🤖 Złożono 0 auto-aplikacji
2026-01-29 22:33:22,241 - INFO - 🔐 Blockchain integrity: ❌
2026-01-29 22:33:24,686 - INFO - ✅ Raport wysłany e-mailem
2026-01-29 22:33:24,687 - INFO - 🎉 Polish Gig Hunter 2.0 zakończył cykl sukcesem!
2026-01-29 22:53:21,586 - INFO - 🌟 Inicjalizacja Polish Gig Hunter 2.0...
2026-01-29 22:53:21,661 - INFO - 🚀 Uruchamianie Polish Gig Hunter 2.0...
2026-01-29 22:53:21,661 - INFO - Wyszukiwanie globalne: python developer remote
2026-01-29 22:53:22,552 - INFO - response: https://www.bing.com/search?q=python+developer+remote&filters=ex1%3A%22ez2%22 200
2026-01-29 22:53:23,601 - INFO - response: https://www.bing.com/search?q=python+developer+remote&filters=ex1%3A%22ez2%22&first=11&FORM=PERE 200
2026-01-29 22:53:24,793 - INFO - response: https://www.bing.com/search?q=python+developer+remote&filters=ex1%3A%22ez2%22&first=21&FORM=PERE1 200
2026-01-29 22:53:25,765 - INFO - response: https://www.bing.com/search?q=python+developer+remote&filters=ex1%3A%22ez2%22 200
2026-01-29 22:53:26,752 - INFO - response: https://www.bing.com/search?q=python+developer+remote&filters=ex1%3A%22ez2%22 200
2026-01-29 22:53:27,671 - INFO - response: https://www.bing.com/search?q=python+developer+remote&filters=ex1%3A%22ez2%22&first=11&FORM=PERE 200
2026-01-29 22:53:28,802 - INFO - response: https://www.bing.com/search?q=python+developer+remote&filters=ex1%3A%22ez2%22&first=21&FORM=PERE1 200
2026-01-29 22:53:29,656 - INFO - response: https://www.bing.com/search?q=python+developer+remote&filters=ex1%3A%22ez2%22&first=31&FORM=PERE2 200
2026-01-29 22:53:30,592 - INFO - response: https://www.bing.com/search?q=python+developer+remote&filters=ex1%3A%22ez2%22&first=41&FORM=PERE3 200
2026-01-29 22:53:31,567 - INFO - response: https://www.bing.com/search?q=python+developer+remote&filters=ex1%3A%22ez2%22 200
2026-01-29 22:53:32,489 - INFO - response: https://www.bing.com/search?q=python+developer+remote&filters=ex1%3A%22ez2%22&first=11&FORM=PERE 200
2026-01-29 22:53:33,611 - INFO - response: https://www.bing.com/search?q=python+developer+remote&filters=ex1%3A%22ez2%22&first=21&FORM=PERE1 200
2026-01-29 22:53:34,539 - INFO - response: https://www.bing.com/search?q=python+developer+remote&filters=ex1%3A%22ez2%22&first=31&FORM=PERE2 200
2026-01-29 22:53:35,456 - INFO - response: https://www.bing.com/search?q=python+developer+remote&filters=ex1%3A%22ez2%22&first=41&FORM=PERE3 200
2026-01-29 22:53:36,373 - INFO - response: https://www.bing.com/search?q=python+developer+remote&filters=ex1%3A%22ez2%22 200
2026-01-29 22:53:37,344 - INFO - response: https://www.bing.com/search?q=python+developer+remote&filters=ex1%3A%22ez2%22&first=11&FORM=PERE 200
2026-01-29 22:53:38,294 - INFO - response: https://www.bing.com/search?q=python+developer+remote&filters=ex1%3A%22ez2%22&first=21&FORM=PERE1 200
2026-01-29 22:53:38,497 - INFO - Wyszukiwanie globalne: web development project
2026-01-29 22:53:39,362 - INFO - response: https://www.bing.com/search?q=web+development+project&filters=ex1%3A%22ez2%22 200
2026-01-29 22:53:40,370 - INFO - response: https://www.bing.com/search?q=web+development+project&filters=ex1%3A%22ez2%22&first=11&FORM=PERE 200
2026-01-29 22:53:41,398 - INFO - response: https://www.bing.com/search?q=web+development+project&filters=ex1%3A%22ez2%22&first=21&FORM=PERE1 200
2026-01-29 22:53:42,376 - INFO - response: https://www.bing.com/search?q=web+development+project&filters=ex1%3A%22ez2%22&first=31&FORM=PERE2 200
2026-01-29 22:53:43,240 - INFO - response: https://www.bing.com/search?q=web+development+project&filters=ex1%3A%22ez2%22&first=41&FORM=PERE3 200
2026-01-29 22:53:44,269 - INFO - response: https://www.bing.com/search?q=web+development+project&filters=ex1%3A%22ez2%22 200
2026-01-29 22:53:45,296 - INFO - response: https://www.bing.com/search?q=web+development+project&filters=ex1%3A%22ez2%22 200
2026-01-29 22:53:46,211 - INFO - response: https://www.bing.com/search?q=web+development+project&filters=ex1%3A%22ez2%22&first=11&FORM=PERE 200
2026-01-29 22:53:47,077 - INFO - response: https://www.bing.com/search?q=web+development+project&filters=ex1%3A%22ez2%22&first=21&FORM=PERE1 200
2026-01-29 22:53:48,055 - INFO - response: https://www.bing.com/search?q=web+development+project&filters=ex1%3A%22ez2%22&first=31&FORM=PERE2 200
2026-01-29 22:53:49,107 - INFO - response: https://www.bing.com/search?q=web+development+project&filters=ex1%3A%22ez2%22&first=41&FORM=PERE3 200
2026-01-29 22:53:50,006 - INFO - response: https://www.bing.com/search?q=web+development+project&filters=ex1%3A%22ez2%22 200
2026-01-29 22:53:51,127 - INFO - response: https://www.bing.com/search?q=web+development+project&filters=ex1%3A%22ez2%22&first=11&FORM=PERE 200
2026-01-29 22:53:52,051 - INFO - response: https://www.bing.com/search?q=web+development+project&filters=ex1%3A%22ez2%22&first=21&FORM=PERE1 200
2026-01-29 22:53:52,969 - INFO - response: https://www.bing.com/search?q=web+development+project&filters=ex1%3A%22ez2%22&first=31&FORM=PERE2 200
2026-01-29 22:53:53,891 - INFO - response: https://www.bing.com/search?q=web+development+project&filters=ex1%3A%22ez2%22&first=41&FORM=PERE3 200
2026-01-29 22:53:54,812 - INFO - response: https://www.bing.com/search?q=web+development+project&filters=ex1%3A%22ez2%22 200
2026-01-29 22:53:55,733 - INFO - response: https://www.bing.com/search?q=web+development+project&filters=ex1%3A%22ez2%22&first=11&FORM=PERE 200
2026-01-29 22:53:56,657 - INFO - response: https://www.bing.com/search?q=web+development+project&filters=ex1%3A%22ez2%22&first=21&FORM=PERE1 200
2026-01-29 22:53:57,724 - INFO - response: https://www.bing.com/search?q=web+development+project&filters=ex1%3A%22ez2%22&first=31&FORM=PERE2 200
2026-01-29 22:53:58,628 - INFO - response: https://www.bing.com/search?q=web+development+project&filters=ex1%3A%22ez2%22&first=41&FORM=PERE3 200
2026-01-29 22:53:58,678 - INFO - Wyszukiwanie globalne: software development freelance
2026-01-29 22:53:59,624 - INFO - response: https://www.bing.com/search?q=software+development+freelance&filters=ex1%3A%22ez2%22 200
2026-01-29 22:54:00,474 - INFO - response: https://www.bing.com/search?q=software+development+freelance&filters=ex1%3A%22ez2%22&first=11&FORM=PERE 200
2026-01-29 22:54:01,394 - INFO - response: https://www.bing.com/search?q=software+development+freelance&filters=ex1%3A%22ez2%22&first=21&FORM=PERE1 200
2026-01-29 22:54:02,362 - INFO - response: https://www.bing.com/search?q=software+development+freelance&filters=ex1%3A%22ez2%22&first=31&FORM=PERE2 200
2026-01-29 22:54:03,312 - INFO - response: https://www.bing.com/search?q=software+development+freelance&filters=ex1%3A%22ez2%22&first=41&FORM=PERE3 200
2026-01-29 22:54:04,457 - INFO - response: https://www.bing.com/search?q=software+development+freelance&filters=ex1%3A%22ez2%22 200
2026-01-29 22:54:05,454 - INFO - response: https://www.bing.com/search?q=software+development+freelance&filters=ex1%3A%22ez2%22 200
2026-01-29 22:54:06,392 - INFO - response: https://www.bing.com/search?q=software+development+freelance&filters=ex1%3A%22ez2%22&first=11&FORM=PERE 200
2026-01-29 22:54:07,288 - INFO - response: https://www.bing.com/search?q=software+development+freelance&filters=ex1%3A%22ez2%22&first=21&FORM=PERE1 200
2026-01-29 22:54:08,341 - INFO - response: https://www.bing.com/search?q=software+development+freelance&filters=ex1%3A%22ez2%22&first=31&FORM=PERE2 200
2026-01-29 22:54:09,277 - INFO - response: https://www.bing.com/search?q=software+development+freelance&filters=ex1%3A%22ez2%22&first=41&FORM=PERE3 200
2026-01-29 22:54:10,203 - INFO - response: https://www.bing.com/search?q=software+development+freelance&filters=ex1%3A%22ez2%22 200
2026-01-29 22:54:11,136 - INFO - response: https://www.bing.com/search?q=software+development+freelance&filters=ex1%3A%22ez2%22&first=11&FORM=PERE 200
2026-01-29 22:54:12,079 - INFO - response: https://www.bing.com/search?q=software+development+freelance&filters=ex1%3A%22ez2%22&first=21&FORM=PERE1 200
2026-01-29 22:54:13,140 - INFO - response: https://www.bing.com/search?q=software+development+freelance&filters=ex1%3A%22ez2%22&first=31&FORM=PERE2 200
2026-01-29 22:54:14,065 - INFO - response: https://www.bing.com/search?q=software+development+freelance&filters=ex1%3A%22ez2%22&first=41&FORM=PERE3 200
2026-01-29 22:54:15,159 - INFO - response: https://www.bing.com/search?q=software+development+freelance&filters=ex1%3A%22ez2%22 200
2026-01-29 22:54:16,218 - INFO - response: https://www.bing.com/search?q=software+development+freelance&filters=ex1%3A%22ez2%22&first=11&FORM=PERE 200
2026-01-29 22:54:17,134 - INFO - response: https://www.bing.com/search?q=software+development+freelance&filters=ex1%3A%22ez2%22&first=21&FORM=PERE1 200
2026-01-29 22:54:17,356 - INFO - Wyszukiwanie globalne: programista zlecenie
2026-01-29 22:54:18,370 - INFO - response: https://www.bing.com/search?q=programista+zlecenie&filters=ex1%3A%22ez2%22 200
2026-01-29 22:54:19,284 - INFO - response: https://www.bing.com/search?q=programista+zlecenie&filters=ex1%3A%22ez2%22&first=11&FORM=PERE 200
2026-01-29 22:54:20,311 - INFO - response: https://www.bing.com/search?q=programista+zlecenie&filters=ex1%3A%22ez2%22&first=21&FORM=PERE1 200
2026-01-29 22:54:21,434 - INFO - response: https://www.bing.com/search?q=programista+zlecenie&filters=ex1%3A%22ez2%22&first=31&FORM=PERE2 200
2026-01-29 22:54:22,359 - INFO - response: https://www.bing.com/search?q=programista+zlecenie&filters=ex1%3A%22ez2%22&first=41&FORM=PERE3 200
2026-01-29 22:54:23,384 - INFO - response: https://www.bing.com/search?q=programista+zlecenie&filters=ex1%3A%22ez2%22 200
2026-01-29 22:54:24,459 - INFO - response: https://www.bing.com/search?q=programista+zlecenie&filters=ex1%3A%22ez2%22 200
2026-01-29 22:54:25,637 - INFO - response: https://www.bing.com/search?q=programista+zlecenie&filters=ex1%3A%22ez2%22&first=11&FORM=PERE 200
2026-01-29 22:54:26,579 - INFO - response: https://www.bing.com/search?q=programista+zlecenie&filters=ex1%3A%22ez2%22 200
2026-01-29 22:54:27,472 - INFO - response: https://www.bing.com/search?q=programista+zlecenie&filters=ex1%3A%22ez2%22&first=11&FORM=PERE 200
2026-01-29 22:54:28,432 - INFO - response: https://www.bing.com/search?q=programista+zlecenie&filters=ex1%3A%22ez2%22 200
2026-01-29 22:54:29,419 - INFO - response: https://www.bing.com/search?q=programista+zlecenie&filters=ex1%3A%22ez2%22&first=11&FORM=PERE 200
2026-01-29 22:54:30,339 - INFO - response: https://www.bing.com/search?q=programista+zlecenie&filters=ex1%3A%22ez2%22&first=21&FORM=PERE1 200
2026-01-29 22:54:31,275 - INFO - response: https://www.bing.com/search?q=programista+zlecenie&filters=ex1%3A%22ez2%22&first=31&FORM=PERE2 200
2026-01-29 22:54:32,202 - INFO - response: https://www.bing.com/search?q=programista+zlecenie&filters=ex1%3A%22ez2%22&first=41&FORM=PERE3 200
2026-01-29 22:54:32,274 - INFO - Wyszukiwanie globalne: developer needed urgent
2026-01-29 22:54:33,143 - INFO - response: https://www.bing.com/search?q=developer+needed+urgent&filters=ex1%3A%22ez2%22 200
2026-01-29 22:54:34,092 - INFO - response: https://www.bing.com/search?q=developer+needed+urgent&filters=ex1%3A%22ez2%22&first=11&FORM=PERE 200
2026-01-29 22:54:35,076 - INFO - response: https://www.bing.com/search?q=developer+needed+urgent&filters=ex1%3A%22ez2%22&first=21&FORM=PERE1 200
2026-01-29 22:54:36,017 - INFO - response: https://www.bing.com/search?q=developer+needed+urgent&filters=ex1%3A%22ez2%22&first=31&FORM=PERE2 200
2026-01-29 22:54:36,953 - INFO - response: https://www.bing.com/search?q=developer+needed+urgent&filters=ex1%3A%22ez2%22&first=41&FORM=PERE3 200
2026-01-29 22:54:37,903 - INFO - response: https://www.bing.com/search?q=developer+needed+urgent&filters=ex1%3A%22ez2%22 200
2026-01-29 22:54:39,056 - INFO - response: https://www.bing.com/search?q=developer+needed+urgent&filters=ex1%3A%22ez2%22 200
2026-01-29 22:54:40,013 - INFO - response: https://www.bing.com/search?q=developer+needed+urgent&filters=ex1%3A%22ez2%22&first=11&FORM=PERE 200
2026-01-29 22:54:41,065 - INFO - response: https://www.bing.com/search?q=developer+needed+urgent&filters=ex1%3A%22ez2%22&first=21&FORM=PERE1 200
2026-01-29 22:54:42,016 - INFO - response: https://www.bing.com/search?q=developer+needed+urgent&filters=ex1%3A%22ez2%22&first=31&FORM=PERE2 200
2026-01-29 22:54:42,962 - INFO - response: https://www.bing.com/search?q=developer+needed+urgent&filters=ex1%3A%22ez2%22&first=41&FORM=PERE3 200
2026-01-29 22:54:43,918 - INFO - response: https://www.bing.com/search?q=developer+needed+urgent&filters=ex1%3A%22ez2%22 200
2026-01-29 22:54:44,887 - INFO - response: https://www.bing.com/search?q=developer+needed+urgent&filters=ex1%3A%22ez2%22&first=11&FORM=PERE 200
2026-01-29 22:54:45,838 - INFO - response: https://www.bing.com/search?q=developer+needed+urgent&filters=ex1%3A%22ez2%22&first=21&FORM=PERE1 200
2026-01-29 22:54:46,781 - INFO - response: https://www.bing.com/search?q=developer+needed+urgent&filters=ex1%3A%22ez2%22&first=31&FORM=PERE2 200
2026-01-29 22:54:47,712 - INFO - response: https://www.bing.com/search?q=developer+needed+urgent&filters=ex1%3A%22ez2%22&first=41&FORM=PERE3 200
2026-01-29 22:54:48,631 - INFO - response: https://www.bing.com/search?q=developer+needed+urgent&filters=ex1%3A%22ez2%22 200
2026-01-29 22:54:49,559 - INFO - response: https://www.bing.com/search?q=developer+needed+urgent&filters=ex1%3A%22ez2%22&first=11&FORM=PERE 200
2026-01-29 22:54:50,520 - INFO - response: https://www.bing.com/search?q=developer+needed+urgent&filters=ex1%3A%22ez2%22&first=21&FORM=PERE1 200
2026-01-29 22:54:51,540 - INFO - response: https://www.bing.com/search?q=developer+needed+urgent&filters=ex1%3A%22ez2%22&first=31&FORM=PERE2 200
2026-01-29 22:54:52,471 - INFO - response: https://www.bing.com/search?q=developer+needed+urgent&filters=ex1%3A%22ez2%22&first=41&FORM=PERE3 200
2026-01-29 22:54:52,635 - INFO - Wyszukiwanie globalne: api development project
2026-01-29 22:54:53,519 - INFO - response: https://www.bing.com/search?q=api+development+project&filters=ex1%3A%22ez2%22 200
2026-01-29 22:54:54,515 - INFO - response: https://www.bing.com/search?q=api+development+project&filters=ex1%3A%22ez2%22&first=11&FORM=PERE 200
2026-01-29 22:54:55,395 - INFO - response: https://www.bing.com/search?q=api+development+project&filters=ex1%3A%22ez2%22&first=21&FORM=PERE1 200
2026-01-29 22:54:56,362 - INFO - response: https://www.bing.com/search?q=api+development+project&filters=ex1%3A%22ez2%22&first=31&FORM=PERE2 200
2026-01-29 22:54:57,519 - INFO - response: https://www.bing.com/search?q=api+development+project&filters=ex1%3A%22ez2%22&first=41&FORM=PERE3 200
2026-01-29 22:54:58,415 - INFO - response: https://www.bing.com/search?q=api+development+project&filters=ex1%3A%22ez2%22 200
2026-01-29 22:54:59,472 - INFO - response: https://www.bing.com/search?q=api+development+project&filters=ex1%3A%22ez2%22 200
2026-01-29 22:55:00,409 - INFO - response: https://www.bing.com/search?q=api+development+project&filters=ex1%3A%22ez2%22&first=11&FORM=PERE 200
2026-01-29 22:55:01,374 - INFO - response: https://www.bing.com/search?q=api+development+project&filters=ex1%3A%22ez2%22 200
2026-01-29 22:55:02,299 - INFO - response: https://www.bing.com/search?q=api+development+project&filters=ex1%3A%22ez2%22&first=11&FORM=PERE 200
2026-01-29 22:55:03,362 - INFO - response: https://www.bing.com/search?q=api+development+project&filters=ex1%3A%22ez2%22&first=21&FORM=PERE1 200
2026-01-29 22:55:04,402 - INFO - response: https://www.bing.com/search?q=api+development+project&filters=ex1%3A%22ez2%22&first=31&FORM=PERE2 200
2026-01-29 22:55:05,477 - INFO - response: https://www.bing.com/search?q=api+development+project&filters=ex1%3A%22ez2%22&first=41&FORM=PERE3 200
2026-01-29 22:55:06,596 - INFO - response: https://www.bing.com/search?q=api+development+project&filters=ex1%3A%22ez2%22 200
2026-01-29 22:55:07,542 - INFO - response: https://www.bing.com/search?q=api+development+project&filters=ex1%3A%22ez2%22&first=11&FORM=PERE 200
2026-01-29 22:55:08,552 - INFO - response: https://www.bing.com/search?q=api+development+project&filters=ex1%3A%22ez2%22&first=21&FORM=PERE1 200
2026-01-29 22:55:08,752 - INFO - Wyszukiwanie globalne: fullstack developer contract
2026-01-29 22:55:09,695 - INFO - response: https://www.bing.com/search?q=fullstack+developer+contract&filters=ex1%3A%22ez2%22 200
2026-01-29 22:55:10,591 - INFO - response: https://www.bing.com/search?q=fullstack+developer+contract&filters=ex1%3A%22ez2%22&first=11&FORM=PERE 200
2026-01-29 22:55:11,521 - INFO - response: https://www.bing.com/search?q=fullstack+developer+contract&filters=ex1%3A%22ez2%22&first=21&FORM=PERE1 200
2026-01-29 22:55:12,514 - INFO - response: https://www.bing.com/search?q=fullstack+developer+contract&filters=ex1%3A%22ez2%22&first=31&FORM=PERE2 200
2026-01-29 22:55:13,462 - INFO - response: https://www.bing.com/search?q=fullstack+developer+contract&filters=ex1%3A%22ez2%22&first=41&FORM=PERE3 200
2026-01-29 22:55:14,393 - INFO - response: https://www.bing.com/search?q=fullstack+developer+contract&filters=ex1%3A%22ez2%22 200
2026-01-29 22:55:15,412 - INFO - response: https://www.bing.com/search?q=fullstack+developer+contract&filters=ex1%3A%22ez2%22 200
2026-01-29 22:55:16,323 - INFO - response: https://www.bing.com/search?q=fullstack+developer+contract&filters=ex1%3A%22ez2%22&first=11&FORM=PERE 200
2026-01-29 22:55:17,252 - INFO - response: https://www.bing.com/search?q=fullstack+developer+contract&filters=ex1%3A%22ez2%22&first=21&FORM=PERE1 200
2026-01-29 22:55:18,162 - INFO - response: https://www.bing.com/search?q=fullstack+developer+contract&filters=ex1%3A%22ez2%22&first=31&FORM=PERE2 200
2026-01-29 22:55:19,070 - INFO - response: https://www.bing.com/search?q=fullstack+developer+contract&filters=ex1%3A%22ez2%22&first=41&FORM=PERE3 200
2026-01-29 22:55:20,009 - INFO - response: https://www.bing.com/search?q=fullstack+developer+contract&filters=ex1%3A%22ez2%22 200
2026-01-29 22:55:20,941 - INFO - response: https://www.bing.com/search?q=fullstack+developer+contract&filters=ex1%3A%22ez2%22&first=11&FORM=PERE 200
2026-01-29 22:55:21,879 - INFO - response: https://www.bing.com/search?q=fullstack+developer+contract&filters=ex1%3A%22ez2%22&first=21&FORM=PERE1 200
2026-01-29 22:55:22,985 - INFO - response: https://www.bing.com/search?q=fullstack+developer+contract&filters=ex1%3A%22ez2%22&first=31&FORM=PERE2 200
2026-01-29 22:55:23,902 - INFO - response: https://www.bing.com/search?q=fullstack+developer+contract&filters=ex1%3A%22ez2%22&first=41&FORM=PERE3 200
2026-01-29 22:55:24,852 - INFO - response: https://www.bing.com/search?q=fullstack+developer+contract&filters=ex1%3A%22ez2%22 200
2026-01-29 22:55:25,747 - INFO - response: https://www.bing.com/search?q=fullstack+developer+contract&filters=ex1%3A%22ez2%22&first=11&FORM=PERE 200
2026-01-29 22:55:25,892 - INFO - Wyszukiwanie globalne: javascript react project
2026-01-29 22:55:26,771 - INFO - response: https://www.bing.com/search?q=javascript+react+project&filters=ex1%3A%22ez2%22 200
2026-01-29 22:55:27,790 - INFO - response: https://www.bing.com/search?q=javascript+react+project&filters=ex1%3A%22ez2%22&first=11&FORM=PERE 200
2026-01-29 22:55:28,920 - INFO - response: https://www.bing.com/search?q=javascript+react+project&filters=ex1%3A%22ez2%22 200
2026-01-29 22:55:29,843 - INFO - response: https://www.bing.com/search?q=javascript+react+project&filters=ex1%3A%22ez2%22 200
2026-01-29 22:55:30,859 - INFO - response: https://www.bing.com/search?q=javascript+react+project&filters=ex1%3A%22ez2%22&first=11&FORM=PERE 200
2026-01-29 22:55:31,803 - INFO - response: https://www.bing.com/search?q=javascript+react+project&filters=ex1%3A%22ez2%22&first=21&FORM=PERE1 200
2026-01-29 22:55:32,708 - INFO - response: https://www.bing.com/search?q=javascript+react+project&filters=ex1%3A%22ez2%22&first=31&FORM=PERE2 200
2026-01-29 22:55:33,639 - INFO - response: https://www.bing.com/search?q=javascript+react+project&filters=ex1%3A%22ez2%22&first=41&FORM=PERE3 200
2026-01-29 22:55:34,577 - INFO - response: https://www.bing.com/search?q=javascript+react+project&filters=ex1%3A%22ez2%22 200
2026-01-29 22:55:35,578 - INFO - response: https://www.bing.com/search?q=javascript+react+project&filters=ex1%3A%22ez2%22&first=11&FORM=PERE 200
2026-01-29 22:55:36,496 - INFO - response: https://www.bing.com/search?q=javascript+react+project&filters=ex1%3A%22ez2%22&first=21&FORM=PERE1 200
2026-01-29 22:55:37,413 - INFO - response: https://www.bing.com/search?q=javascript+react+project&filters=ex1%3A%22ez2%22&first=31&FORM=PERE2 200
2026-01-29 22:55:38,373 - INFO - response: https://www.bing.com/search?q=javascript+react+project&filters=ex1%3A%22ez2%22&first=41&FORM=PERE3 200
2026-01-29 22:55:39,392 - INFO - response: https://www.bing.com/search?q=javascript+react+project&filters=ex1%3A%22ez2%22 200
2026-01-29 22:55:40,289 - INFO - response: https://www.bing.com/search?q=javascript+react+project&filters=ex1%3A%22ez2%22&first=11&FORM=PERE 200
2026-01-29 22:55:41,402 - INFO - response: https://www.bing.com/search?q=javascript+react+project&filters=ex1%3A%22ez2%22&first=21&FORM=PERE1 200
2026-01-29 22:55:42,334 - INFO - response: https://www.bing.com/search?q=javascript+react+project&filters=ex1%3A%22ez2%22&first=31&FORM=PERE2 200
2026-01-29 22:55:43,256 - INFO - response: https://www.bing.com/search?q=javascript+react+project&filters=ex1%3A%22ez2%22&first=41&FORM=PERE3 200
2026-01-29 22:55:43,265 - INFO - 🔍 Znaleziono 210 zleceń globalnie
2026-01-29 22:55:44,802 - INFO - 🧠 AI wybrało 0 zleceń
2026-01-29 22:55:44,802 - INFO - 🤖 Złożono 0 auto-aplikacji
2026-01-29 22:55:44,802 - INFO - 🔐 Blockchain integrity: ❌
2026-01-29 22:55:47,645 - INFO - ✅ Raport wysłany e-mailem
2026-01-29 22:55:47,648 - INFO - 🎉 Polish Gig Hunter 2.0 zakończył cykl sukcesem!
